// Jest Snapshot v1, https://goo.gl/fbAQLP

exports[`SaveControl should render a SaveControl state error 1`] = `
<StatusTextView
  status="error"
  text="Ошибка сохранения"
/>
`;

exports[`SaveControl should render a SaveControl state progress 1`] = `
<StatusTextView
  status="progress"
  text="Изменения сохраняются"
/>
`;

exports[`SaveControl should render a SaveControl state success 1`] = `
<StatusTextView
  status="success"
  text="Все изменения сохранены"
/>
`;
